// Jest Snapshot v1, https://goo.gl/fbAQLP

exports[`input.ts should render input component 1`] = `
<div class="text-input__wrapper">
  <input class="text-input__content"
         type="text"
  >
</div>
`;
