// Jest Snapshot v1, https://goo.gl/fbAQLP

exports[`container.ts should render container with customized tag and size 1`] = `
<main class="container"
      style="width: 100px; height: 200px;"
>
</main>
`;
